// Jest Snapshot v1, https://goo.gl/fbAQLP

exports[`App Should render without failing 1`] = `
<div
  className="app"
>
  <Connect(ItemCreator) />
  <Connect(ItemsList) />
</div>
`;
