exports[`ItemsList Should render without failing 1`] = `<div />`;
